// Jest Snapshot v1, https://goo.gl/fbAQLP

exports[`[Query.user] should compile schema 1`] = `
{
  "definitions": [
    {
      "directives": [],
      "fields": [
        {
          "arguments": [
            {
              "defaultValue": undefined,
              "description": undefined,
              "directives": [],
              "kind": "InputValueDefinition",
              "name": {
                "kind": "Name",
                "value": "email",
              },
              "type": {
                "kind": "NamedType",
                "name": {
                  "kind": "Name",
                  "value": "String",
                },
              },
            },
          ],
          "description": undefined,
          "directives": [],
          "kind": "FieldDefinition",
          "name": {
            "kind": "Name",
            "value": "user",
          },
          "type": {
            "kind": "NonNullType",
            "type": {
              "kind": "NamedType",
              "name": {
                "kind": "Name",
                "value": "User",
              },
            },
          },
        },
      ],
      "interfaces": [],
      "kind": "ObjectTypeExtension",
      "name": {
        "kind": "Name",
        "value": "Query",
      },
    },
  ],
  "kind": "Document",
  "loc": {
    "end": 58,
    "start": 0,
  },
}
`;
