// Jest Snapshot v1, https://goo.gl/fbAQLP

exports[`[Type.LivecheckResult] should compile schema 1`] = `
{
  "definitions": [
    {
      "description": undefined,
      "directives": [],
      "fields": [
        {
          "arguments": [],
          "description": undefined,
          "directives": [],
          "kind": "FieldDefinition",
          "name": {
            "kind": "Name",
            "value": "status",
          },
          "type": {
            "kind": "NonNullType",
            "type": {
              "kind": "NamedType",
              "name": {
                "kind": "Name",
                "value": "String",
              },
            },
          },
        },
      ],
      "interfaces": [],
      "kind": "ObjectTypeDefinition",
      "name": {
        "kind": "Name",
        "value": "LivecheckResult",
      },
    },
  ],
  "kind": "Document",
  "loc": {
    "end": 50,
    "start": 0,
  },
}
`;
